Microchip MPLAB XC8 Compiler V2.20

Linker command line:

-W-3 --edf=C:\Program Files\Microchip\xc8\v2.20\pic\dat\en_msgs.txt -cn \
  -h+dist/default/production\RuderLuder.X.production.sym \
  --cmf=dist/default/production\RuderLuder.X.production.cmf -z -Q16F1507 \
  -oC:\Users\SHEZIN~1\AppData\Local\Temp\sel0.2 --defsym=__MPLAB_BUILD=1 \
  -Mdist/default/production/RuderLuder.X.production.map -E1 \
  -ver=XC8 Compiler --acfsm=1493 -ASTACK=02056h-0206Fh -pstack=STACK \
  -ACODE=00h-07FFh -ASTRCODE=00h-07FFh -ASTRING=00h-0FFhx8 \
  -ACONST=00h-0FFhx8 -AENTRY=00h-0FFhx8 -ACOMMON=070h-07Fh \
  -ABANK0=020h-06Fh -ABANK1=0A0h-0BFh -ABIGRAM=02000h-0206Fh \
  -ARAM=020h-06Fh,0A0h-0BFh -AABS1=020h-07Fh,0A0h-0BFh -ASFR0=00h-01Fh \
  -ASFR1=080h-09Fh -ASFR2=0100h-016Fh -ASFR3=0180h-01EFh -ASFR4=0200h-026Fh \
  -ASFR5=0280h-02EFh -ASFR6=0300h-036Fh -ASFR7=0380h-03EFh \
  -ASFR8=0400h-046Fh -ASFR9=0480h-04EFh -ASFR10=0500h-056Fh \
  -ASFR11=0580h-05EFh -ASFR12=0600h-066Fh -ASFR13=0680h-06EFh \
  -ASFR14=0700h-076Fh -ASFR15=0780h-07EFh -ASFR16=0800h-086Fh \
  -ASFR17=0880h-08EFh -ASFR18=0900h-096Fh -ASFR19=0980h-09EFh \
  -ASFR20=0A00h-0A6Fh -ASFR21=0A80h-0AEFh -ASFR22=0B00h-0B6Fh \
  -ASFR23=0B80h-0BEFh -ASFR24=0C00h-0C6Fh -ASFR25=0C80h-0CEFh \
  -ASFR26=0D00h-0D6Fh -ASFR27=0D80h-0DEFh -ASFR28=0E00h-0E6Fh \
  -ASFR29=0E80h-0EEFh -ASFR30=0F00h-0F6Fh -ASFR31=0F80h-0FEFh \
  -ACONFIG=08007h-08008h -DCONFIG=2 -AIDLOC=08000h-08003h -DIDLOC=2 \
  -preset_vec=00h,intentry=04h,init,end_init -ppowerup=CODE -pcinit=CODE \
  -pfunctab=ENTRY -DCODE=2 -DSTRCODE=2 -DSTRING=2 -DCONST=2 -DENTRY=2 -k \
  C:\Users\SHEZIN~1\AppData\Local\Temp\sel0.o \
  dist/default/production\RuderLuder.X.production.o 

Object code version is 3.11

Machine type is 16F1507



                Name                               Link     Load   Length Selector   Space Scale
C:\Users\SHEZIN~1\AppData\Local\Temp\sel0.o
                end_init                              C        C        1        8       0
                reset_vec                             0        0        1        0       0
                config                             8007     8007        2        0       4
dist/default/production\RuderLuder.X.production.o
                cinit                                 D        D       17        8       0
                intentry                              4        4        8        8       0
                config                             8007     8007        2        0       4
                text26                              5A7      5A7       11        8       0
                text25                              616      616        1      C1E       0
                text24                              5B8      5B8        B        8       0
                text23                              5EC      5EC        7        8       0
                text21                              564      564       18        8       0
                text20                              517      517       1C        8       0
                text19                              41C      41C       54        8       0
                text18                              57C      57C       16        8       0
                text17                              5E4      5E4        8        8       0
                text16                              605      605        6        8       0
                text15                              54C      54C       18        8       0
                text14                              5DC      5DC        8        8       0
                text13                              5FF      5FF        6        8       0
                text12                              592      592       15        8       0
                text11                              5D4      5D4        8        8       0
                text10                              60F      60F        4      C1E       0
                text9                               5CC      5CC        8        8       0
                text8                               613      613        3      C1E       0
                text7                               39B      39B       81        8       0
                text6                               4C2      4C2       2F        8       0
                text5                               194      194      138        8       0
                text4                               533      533       19        8       0
                text3                               470      470       52        8       0
                text2                               4F1      4F1       26        8       0
                text1                               2CC      2CC       CF        8       0
                maintext                             24       24      170        8       0
                cstackBANK0                          20       20       36       20       1
                cstackCOMMON                         70       70        E       70       1
                clrtext                             5F9      5F9        6        8       0
                inittext                            5F3      5F3        6        8       0
                bssBANK1                             A3       A3        3       A0       1
                dataBANK0                            67       67        9       20       1
                bssBANK0                             56       56       11       20       1
                nvBANK1                              A0       A0        3       A0       1
                stringtext1                         60B      60B        4      C16       0
                idataBANK0                          5C3      5C3        9        8       0

TOTAL           Name                               Link     Load   Length     Space
        CLASS   STACK          

        CLASS   CODE           
                end_init                              C        C        1         0
                cinit                                 D        D       17         0
                intentry                              4        4        8         0
                reset_vec                             0        0        1         0
                text26                              5A7      5A7       11         0
                text25                              616      616        1         0
                text24                              5B8      5B8        B         0
                text23                              5EC      5EC        7         0
                text21                              564      564       18         0
                text20                              517      517       1C         0
                text19                              41C      41C       54         0
                text18                              57C      57C       16         0
                text17                              5E4      5E4        8         0
                text16                              605      605        6         0
                text15                              54C      54C       18         0
                text14                              5DC      5DC        8         0
                text13                              5FF      5FF        6         0
                text12                              592      592       15         0
                text11                              5D4      5D4        8         0
                text10                              60F      60F        4         0
                text9                               5CC      5CC        8         0
                text8                               613      613        3         0
                text7                               39B      39B       81         0
                text6                               4C2      4C2       2F         0
                text5                               194      194      138         0
                text4                               533      533       19         0
                text3                               470      470       52         0
                text2                               4F1      4F1       26         0
                text1                               2CC      2CC       CF         0
                maintext                             24       24      170         0
                clrtext                             5F9      5F9        6         0
                inittext                            5F3      5F3        6         0
                idataBANK0                          5C3      5C3        9         0

        CLASS   STRCODE        
                stringtext1                         60B      60B        4         0

        CLASS   STRING         

        CLASS   CONST          

        CLASS   ENTRY          

        CLASS   COMMON         
                cstackCOMMON                         70       70        E         1

        CLASS   BANK0          
                cstackBANK0                          20       20       36         1
                dataBANK0                            67       67        9         1
                bssBANK0                             56       56       11         1

        CLASS   BANK1          
                bssBANK1                             A3       A3        3         1
                nvBANK1                              A0       A0        3         1

        CLASS   BIGRAM         

        CLASS   RAM            

        CLASS   ABS1           
                abs_s1                               7E       7E        2         1

        CLASS   SFR0           

        CLASS   SFR1           

        CLASS   SFR2           

        CLASS   SFR3           

        CLASS   SFR4           

        CLASS   SFR5           

        CLASS   SFR6           

        CLASS   SFR7           

        CLASS   SFR8           

        CLASS   SFR9           

        CLASS   SFR10          

        CLASS   SFR11          

        CLASS   SFR12          

        CLASS   SFR13          

        CLASS   SFR14          

        CLASS   SFR15          

        CLASS   SFR16          

        CLASS   SFR17          

        CLASS   SFR18          

        CLASS   SFR19          

        CLASS   SFR20          

        CLASS   SFR21          

        CLASS   SFR22          

        CLASS   SFR23          

        CLASS   SFR24          

        CLASS   SFR25          

        CLASS   SFR26          

        CLASS   SFR27          

        CLASS   SFR28          

        CLASS   SFR29          

        CLASS   SFR30          

        CLASS   SFR31          

        CLASS   CONFIG         
                config                             8007     8007        2         4

        CLASS   IDLOC          

        CLASS   BANK31         

        CLASS   BANK30         

        CLASS   BANK29         

        CLASS   BANK28         

        CLASS   BANK27         

        CLASS   BANK26         

        CLASS   BANK25         

        CLASS   BANK24         

        CLASS   BANK23         

        CLASS   BANK22         

        CLASS   BANK21         

        CLASS   BANK20         

        CLASS   BANK19         

        CLASS   BANK18         

        CLASS   BANK17         

        CLASS   BANK16         

        CLASS   BANK15         

        CLASS   BANK14         

        CLASS   BANK13         

        CLASS   BANK12         

        CLASS   BANK11         

        CLASS   BANK10         

        CLASS   BANK9          

        CLASS   BANK8          

        CLASS   BANK7          

        CLASS   BANK6          

        CLASS   BANK5          

        CLASS   BANK4          

        CLASS   BANK3          

        CLASS   BANK2          

        CLASS   EEDATA         



SEGMENTS        Name                           Load    Length   Top    Selector   Space  Class     Delta

                reset_vec                      000000  000001  000001         0       0  CODE        2
                intentry                       000004  000607  00060B         8       0  CODE        2
                cstackBANK0                    000020  000050  000070        20       1  BANK0       1
                cstackCOMMON                   000070  00000E  00007E        70       1  COMMON      1
                nvBANK1                        0000A0  000006  0000A6        A0       1  BANK1       1
                stringtext1                    00060B  000004  00060F       C16       0  STRCODE     2
                text10                         00060F  000008  000617       C1E       0  CODE        2


UNUSED ADDRESS RANGES

        Name                Unused          Largest block    Delta
        BANK1            000A6-000BF              1A           1
        BIGRAM           02000-0206F              70           1
        CODE             00001-00003               3           2
                         00617-007FF             1E9
        CONST            00001-00003               3           2
                         00617-007FF              E9
        ENTRY            00001-00003               3           2
                         00617-007FF              E9
        IDLOC            08000-08003               4           2
        RAM              000A6-000BF              1A           1
        SFR0             00000-0001F              20           1
        SFR1             00080-0009F              20           1
        SFR10            00500-0056F              70           1
        SFR11            00580-005EF              70           1
        SFR12            00600-0066F              70           1
        SFR13            00680-006EF              70           1
        SFR14            00700-0076F              70           1
        SFR15            00780-007EF              70           1
        SFR16            00800-0086F              70           1
        SFR17            00880-008EF              70           1
        SFR18            00900-0096F              70           1
        SFR19            00980-009EF              70           1
        SFR2             00100-0016F              70           1
        SFR20            00A00-00A6F              70           1
        SFR21            00A80-00AEF              70           1
        SFR22            00B00-00B6F              70           1
        SFR23            00B80-00BEF              70           1
        SFR24            00C00-00C6F              70           1
        SFR25            00C80-00CEF              70           1
        SFR26            00D00-00D6F              70           1
        SFR27            00D80-00DEF              70           1
        SFR28            00E00-00E6F              70           1
        SFR29            00E80-00EEF              70           1
        SFR3             00180-001EF              70           1
        SFR30            00F00-00F6F              70           1
        SFR31            00F80-00FEF              70           1
        SFR4             00200-0026F              70           1
        SFR5             00280-002EF              70           1
        SFR6             00300-0036F              70           1
        SFR7             00380-003EF              70           1
        SFR8             00400-0046F              70           1
        SFR9             00480-004EF              70           1
        STACK            02056-0206F              1A           1
        STRCODE          00001-00003               3           2
                         00617-007FF             1E9
        STRING           00001-00003               3           2
                         00617-007FF              E9

                                  Symbol Table

?_ADC_GetConversion                       cstackCOMMON 00070
?_FLASH_ReadWord                          cstackCOMMON 00070
?___aldiv                                 cstackBANK0  00020
?___lldiv                                 cstackCOMMON 00070
?___lmul                                  cstackCOMMON 00070
?___tmul                                  cstackCOMMON 00070
ADC_GetConversion@channel                 cstackCOMMON 00073
FLASH_EraseBlock@GIEBitValue              cstackCOMMON 00072
FLASH_EraseBlock@startAddr                cstackCOMMON 00070
FLASH_ReadWord@GIEBitValue                cstackCOMMON 00072
FLASH_ReadWord@flashAddr                  cstackCOMMON 00070
FLASH_WriteBlock@GIEBitValue              cstackCOMMON 0007B
FLASH_WriteBlock@blockStartAddr           cstackCOMMON 00079
FLASH_WriteBlock@flashWordArray           cstackCOMMON 00075
FLASH_WriteBlock@i                        cstackCOMMON 0007C
FLASH_WriteBlock@writeAddr                cstackCOMMON 00073
PWM3_LoadDutyValue@dutyValue              cstackCOMMON 00074
TMR0_SetInterruptHandler@InterruptHandler cstackCOMMON 00070
_ADCON0                                   (abs)        0009D
_ADCON0bits                               (abs)        0009D
_ADCON1                                   (abs)        0009E
_ADCON2                                   (abs)        0009F
_ADC_GetConversion                        text21       00564
_ADC_Initialize                           text17       005E4
_ADRESH                                   (abs)        0009C
_ADRESL                                   (abs)        0009B
_ANSELA                                   (abs)        0018C
_ANSELB                                   (abs)        0018D
_ANSELC                                   (abs)        0018E
_APFCON                                   (abs)        0011D
_BORCON                                   (abs)        00116
_FLASH_EraseBlock                         text20       00517
_FLASH_ReadWord                           text4        00533
_FLASH_WriteBlock                         text19       0041C
_INTCONbits                               (abs)        0000B
_INTERRUPT_InterruptManager               intentry     00004
_LATA                                     (abs)        0010C
_LATB                                     (abs)        0010D
_LATBbits                                 (abs)        0010D
_LATC                                     (abs)        0010E
_LATCbits                                 (abs)        0010E
_OPTION_REG                               (abs)        00095
_OPTION_REGbits                           (abs)        00095
_OSCCON                                   (abs)        00099
_OSCILLATOR_Initialize                    text16       00605
_PIN_MANAGER_Initialize                   text15       0054C
_PIR1bits                                 (abs)        00011
_PMADRH                                   (abs)        00192
_PMADRL                                   (abs)        00191
_PMCON1bits                               (abs)        00195
_PMCON2                                   (abs)        00196
_PMDATH                                   (abs)        00194
_PMDATL                                   (abs)        00193
_PORTAbits                                (abs)        0000C
_PR2                                      (abs)        0001B
_PWM3CON                                  (abs)        00619
_PWM3DCH                                  (abs)        00618
_PWM3DCL                                  (abs)        00617
_PWM3_Initialize                          text14       005DC
_PWM3_LoadDutyValue                       text18       0057C
_SYSTEM_Initialize                        text9        005CC
_T2CON                                    (abs)        0001C
_T2CONbits                                (abs)        0001C
_TMR0                                     (abs)        00015
_TMR0_CallBack                            text24       005B8
_TMR0_DefaultInterruptHandler             text25       00616
_TMR0_ISR                                 text23       005EC
_TMR0_Initialize                          text12       00592
_TMR0_InterruptHandler                    nvBANK1      000A0
_TMR0_SetInterruptHandler                 text13       005FF
_TMR2                                     (abs)        0001A
_TMR2_Initialize                          text11       005D4
_TMR2_StartTimer                          text8        00613
_TRISA                                    (abs)        0008C
_TRISB                                    (abs)        0008D
_TRISC                                    (abs)        0008E
_WDTCON                                   (abs)        00097
_WDT_Initialize                           text10       0060F
_WPUA                                     (abs)        0020C
_WPUB                                     (abs)        0020D
__Habs1                                   abs1         00000
__Hbank0                                  bank0        00000
__Hbank1                                  bank1        00000
__Hbank10                                 bank10       00000
__Hbank11                                 bank11       00000
__Hbank12                                 bank12       00000
__Hbank13                                 bank13       00000
__Hbank14                                 bank14       00000
__Hbank15                                 bank15       00000
__Hbank16                                 bank16       00000
__Hbank17                                 bank17       00000
__Hbank18                                 bank18       00000
__Hbank19                                 bank19       00000
__Hbank2                                  bank2        00000
__Hbank20                                 bank20       00000
__Hbank21                                 bank21       00000
__Hbank22                                 bank22       00000
__Hbank23                                 bank23       00000
__Hbank24                                 bank24       00000
__Hbank25                                 bank25       00000
__Hbank26                                 bank26       00000
__Hbank27                                 bank27       00000
__Hbank28                                 bank28       00000
__Hbank29                                 bank29       00000
__Hbank3                                  bank3        00000
__Hbank30                                 bank30       00000
__Hbank31                                 bank31       00000
__Hbank4                                  bank4        00000
__Hbank5                                  bank5        00000
__Hbank6                                  bank6        00000
__Hbank7                                  bank7        00000
__Hbank8                                  bank8        00000
__Hbank9                                  bank9        00000
__Hbigram                                 bigram       00000
__HbssBANK0                               bssBANK0     00000
__HbssBANK1                               bssBANK1     00000
__Hcinit                                  cinit        00024
__Hclrtext                                clrtext      00000
__Hcode                                   code         00000
__Hcommon                                 common       00000
__Hconfig                                 config       08009
__HcstackBANK0                            cstackBANK0  00000
__HcstackCOMMON                           cstackCOMMON 00000
__HdataBANK0                              dataBANK0    00000
__Heeprom_data                            eeprom_data  00000
__Hend_init                               end_init     0000D
__Hfunctab                                functab      00000
__HidataBANK0                             idataBANK0   00000
__Hinit                                   init         0000C
__Hinittext                               inittext     00000
__Hintentry                               intentry     0000C
__Hmaintext                               maintext     00000
__HnvBANK1                                nvBANK1      00000
__Hpowerup                                powerup      00000
__Hram                                    ram          00000
__Hreset_vec                              reset_vec    00001
__Hsfr0                                   sfr0         00000
__Hsfr1                                   sfr1         00000
__Hsfr10                                  sfr10        00000
__Hsfr11                                  sfr11        00000
__Hsfr12                                  sfr12        00000
__Hsfr13                                  sfr13        00000
__Hsfr14                                  sfr14        00000
__Hsfr15                                  sfr15        00000
__Hsfr16                                  sfr16        00000
__Hsfr17                                  sfr17        00000
__Hsfr18                                  sfr18        00000
__Hsfr19                                  sfr19        00000
__Hsfr2                                   sfr2         00000
__Hsfr20                                  sfr20        00000
__Hsfr21                                  sfr21        00000
__Hsfr22                                  sfr22        00000
__Hsfr23                                  sfr23        00000
__Hsfr24                                  sfr24        00000
__Hsfr25                                  sfr25        00000
__Hsfr26                                  sfr26        00000
__Hsfr27                                  sfr27        00000
__Hsfr28                                  sfr28        00000
__Hsfr29                                  sfr29        00000
__Hsfr3                                   sfr3         00000
__Hsfr30                                  sfr30        00000
__Hsfr31                                  sfr31        00000
__Hsfr4                                   sfr4         00000
__Hsfr5                                   sfr5         00000
__Hsfr6                                   sfr6         00000
__Hsfr7                                   sfr7         00000
__Hsfr8                                   sfr8         00000
__Hsfr9                                   sfr9         00000
__Hspace_0                                (abs)        00617
__Hspace_1                                (abs)        000A6
__Hspace_2                                (abs)        00000
__Hspace_3                                (abs)        00000
__Hspace_4                                (abs)        10010
__Hstack                                  stack        00000
__Hstrings                                strings      00000
__Hstringtext1                            stringtext1  00000
__Htext                                   text         00000
__Labs1                                   abs1         00000
__Lbank0                                  bank0        00000
__Lbank1                                  bank1        00000
__Lbank10                                 bank10       00000
__Lbank11                                 bank11       00000
__Lbank12                                 bank12       00000
__Lbank13                                 bank13       00000
__Lbank14                                 bank14       00000
__Lbank15                                 bank15       00000
__Lbank16                                 bank16       00000
__Lbank17                                 bank17       00000
__Lbank18                                 bank18       00000
__Lbank19                                 bank19       00000
__Lbank2                                  bank2        00000
__Lbank20                                 bank20       00000
__Lbank21                                 bank21       00000
__Lbank22                                 bank22       00000
__Lbank23                                 bank23       00000
__Lbank24                                 bank24       00000
__Lbank25                                 bank25       00000
__Lbank26                                 bank26       00000
__Lbank27                                 bank27       00000
__Lbank28                                 bank28       00000
__Lbank29                                 bank29       00000
__Lbank3                                  bank3        00000
__Lbank30                                 bank30       00000
__Lbank31                                 bank31       00000
__Lbank4                                  bank4        00000
__Lbank5                                  bank5        00000
__Lbank6                                  bank6        00000
__Lbank7                                  bank7        00000
__Lbank8                                  bank8        00000
__Lbank9                                  bank9        00000
__Lbigram                                 bigram       00000
__LbssBANK0                               bssBANK0     00000
__LbssBANK1                               bssBANK1     00000
__Lcinit                                  cinit        0000D
__Lclrtext                                clrtext      00000
__Lcode                                   code         00000
__Lcommon                                 common       00000
__Lconfig                                 config       00000
__LcstackBANK0                            cstackBANK0  00000
__LcstackCOMMON                           cstackCOMMON 00000
__LdataBANK0                              dataBANK0    00000
__Leeprom_data                            eeprom_data  00000
__Lend_init                               end_init     0000C
__Lfunctab                                functab      00000
__LidataBANK0                             idataBANK0   00000
__Linit                                   init         0000C
__Linittext                               inittext     00000
__Lintentry                               intentry     00004
__Lmaintext                               maintext     00000
__LnvBANK1                                nvBANK1      00000
__Lpowerup                                powerup      00000
__Lram                                    ram          00000
__Lreset_vec                              reset_vec    00000
__Lsfr0                                   sfr0         00000
__Lsfr1                                   sfr1         00000
__Lsfr10                                  sfr10        00000
__Lsfr11                                  sfr11        00000
__Lsfr12                                  sfr12        00000
__Lsfr13                                  sfr13        00000
__Lsfr14                                  sfr14        00000
__Lsfr15                                  sfr15        00000
__Lsfr16                                  sfr16        00000
__Lsfr17                                  sfr17        00000
__Lsfr18                                  sfr18        00000
__Lsfr19                                  sfr19        00000
__Lsfr2                                   sfr2         00000
__Lsfr20                                  sfr20        00000
__Lsfr21                                  sfr21        00000
__Lsfr22                                  sfr22        00000
__Lsfr23                                  sfr23        00000
__Lsfr24                                  sfr24        00000
__Lsfr25                                  sfr25        00000
__Lsfr26                                  sfr26        00000
__Lsfr27                                  sfr27        00000
__Lsfr28                                  sfr28        00000
__Lsfr29                                  sfr29        00000
__Lsfr3                                   sfr3         00000
__Lsfr30                                  sfr30        00000
__Lsfr31                                  sfr31        00000
__Lsfr4                                   sfr4         00000
__Lsfr5                                   sfr5         00000
__Lsfr6                                   sfr6         00000
__Lsfr7                                   sfr7         00000
__Lsfr8                                   sfr8         00000
__Lsfr9                                   sfr9         00000
__Lspace_0                                (abs)        00000
__Lspace_1                                (abs)        00000
__Lspace_2                                (abs)        00000
__Lspace_3                                (abs)        00000
__Lspace_4                                (abs)        00000
__Lstack                                  stack        00000
__Lstrings                                strings      00000
__Lstringtext1                            stringtext1  00000
__Ltext                                   text         00000
__S0                                      (abs)        00617
__S1                                      (abs)        000A6
__S2                                      (abs)        00000
___aldiv                                  text7        0039B
___aldiv@counter                          cstackBANK0  00028
___aldiv@dividend                         cstackBANK0  00024
___aldiv@divisor                          cstackBANK0  00020
___aldiv@quotient                         cstackBANK0  0002A
___aldiv@sign                             cstackBANK0  00029
___int_sp                                 stack        00000
___latbits                                (abs)        00000
___lldiv                                  text3        00470
___lldiv@counter                          cstackCOMMON 0007D
___lldiv@dividend                         cstackCOMMON 00074
___lldiv@divisor                          cstackCOMMON 00070
___lldiv@quotient                         cstackCOMMON 00079
___lmul                                   text6        004C2
___lmul@multiplicand                      cstackCOMMON 00074
___lmul@multiplier                        cstackCOMMON 00070
___lmul@product                           cstackCOMMON 00078
___sp                                     stack        00000
___stackhi                                (abs)        0206F
___stacklo                                (abs)        02056
___tmul                                   text2        004F1
___tmul@multiplicand                      cstackCOMMON 00073
___tmul@multiplier                        cstackCOMMON 00070
___tmul@product                           cstackCOMMON 00076
__end_of_ADC_GetConversion                text21       0057C
__end_of_ADC_Initialize                   text17       005EC
__end_of_FLASH_EraseBlock                 text20       00533
__end_of_FLASH_ReadWord                   text4        0054C
__end_of_FLASH_WriteBlock                 text19       00470
__end_of_INTERRUPT_InterruptManager       intentry     0000C
__end_of_OSCILLATOR_Initialize            text16       0060B
__end_of_PIN_MANAGER_Initialize           text15       00564
__end_of_PWM3_Initialize                  text14       005E4
__end_of_PWM3_LoadDutyValue               text18       00592
__end_of_SYSTEM_Initialize                text9        005D4
__end_of_TMR0_CallBack                    text24       005C3
__end_of_TMR0_DefaultInterruptHandler     text25       00617
__end_of_TMR0_ISR                         text23       005F3
__end_of_TMR0_Initialize                  text12       005A7
__end_of_TMR0_SetInterruptHandler         text13       00605
__end_of_TMR2_Initialize                  text11       005DC
__end_of_TMR2_StartTimer                  text8        00616
__end_of_WDT_Initialize                   text10       00613
__end_of___aldiv                          text7        0041C
__end_of___lldiv                          text3        004C2
__end_of___lmul                           text6        004F1
__end_of___tmul                           text2        00517
__end_of__initialization                  cinit        00021
__end_of_fixedPointFactor                 stringtext1  0060F
__end_of_main                             maintext     00194
__end_of_setLedsForPositioning            text5        002CC
__end_of_setState                         text1        0039B
__end_of_timer0CallBack                   text26       005B8
__initialization                          cinit        0000D
__pbssBANK0                               bssBANK0     00056
__pbssBANK1                               bssBANK1     000A3
__pcstackBANK0                            cstackBANK0  00020
__pcstackCOMMON                           cstackCOMMON 00070
__pdataBANK0                              dataBANK0    00067
__pidataBANK0                             idataBANK0   005C3
__pintentry                               intentry     00004
__pmaintext                               maintext     00024
__pnvBANK1                                nvBANK1      000A0
__pstringtext1                            stringtext1  0060B
__ptext1                                  text1        002CC
__ptext10                                 text10       0060F
__ptext11                                 text11       005D4
__ptext12                                 text12       00592
__ptext13                                 text13       005FF
__ptext14                                 text14       005DC
__ptext15                                 text15       0054C
__ptext16                                 text16       00605
__ptext17                                 text17       005E4
__ptext18                                 text18       0057C
__ptext19                                 text19       0041C
__ptext2                                  text2        004F1
__ptext20                                 text20       00517
__ptext21                                 text21       00564
__ptext23                                 text23       005EC
__ptext24                                 text24       005B8
__ptext25                                 text25       00616
__ptext26                                 text26       005A7
__ptext3                                  text3        00470
__ptext4                                  text4        00533
__ptext5                                  text5        00194
__ptext6                                  text6        004C2
__ptext7                                  text7        0039B
__ptext8                                  text8        00613
__ptext9                                  text9        005CC
__size_of_ADC_GetConversion               (abs)        00000
__size_of_ADC_Initialize                  (abs)        00000
__size_of_FLASH_EraseBlock                (abs)        00000
__size_of_FLASH_ReadWord                  (abs)        00000
__size_of_FLASH_WriteBlock                (abs)        00000
__size_of_INTERRUPT_InterruptManager      (abs)        00000
__size_of_OSCILLATOR_Initialize           (abs)        00000
__size_of_PIN_MANAGER_Initialize          (abs)        00000
__size_of_PWM3_Initialize                 (abs)        00000
__size_of_PWM3_LoadDutyValue              (abs)        00000
__size_of_SYSTEM_Initialize               (abs)        00000
__size_of_TMR0_CallBack                   (abs)        00000
__size_of_TMR0_DefaultInterruptHandler    (abs)        00000
__size_of_TMR0_ISR                        (abs)        00000
__size_of_TMR0_Initialize                 (abs)        00000
__size_of_TMR0_SetInterruptHandler        (abs)        00000
__size_of_TMR2_Initialize                 (abs)        00000
__size_of_TMR2_StartTimer                 (abs)        00000
__size_of_WDT_Initialize                  (abs)        00000
__size_of___aldiv                         (abs)        00000
__size_of___lldiv                         (abs)        00000
__size_of___lmul                          (abs)        00000
__size_of___tmul                          (abs)        00000
__size_of_main                            (abs)        00000
__size_of_setLedsForPositioning           (abs)        00000
__size_of_setState                        (abs)        00000
__size_of_timer0CallBack                  (abs)        00000
_adcValuePosition                         bssBANK0     0005A
_b                                        bssBANK1     000A3
_currentState                             bssBANK0     00064
_doButtonAction                           bssBANK0     00066
_doToggle                                 bssBANK0     00065
_lowerLimit                               bssBANK0     00056
_m                                        dataBANK0    00067
_main                                     maintext     00024
_msPressed                                bssBANK0     0005E
_msTick                                   bssBANK0     00060
_setLedsForPositioning                    text5        00194
_setState                                 text1        002CC
_timer0CallBack                           text26       005A7
_timer0ReloadVal                          nvBANK1      000A2
_upperLimit                               dataBANK0    0006C
btemp                                     (abs)        0007E
clear_ram0                                clrtext      005F9
end_of_initialization                     cinit        00021
init_ram                                  inittext     005F3
int$flags                                 (abs)        0007E
intlevel0                                 functab      00000
intlevel1                                 functab      00000
intlevel2                                 functab      00000
intlevel3                                 functab      00000
intlevel4                                 functab      00000
intlevel5                                 functab      00000
main@channel                              dataBANK0    0006B
main@wrBlockData                          cstackBANK0  00036
reset_vec                                 reset_vec    00000
setLedsForPositioning@adcValue            cstackCOMMON 00070
setState@newState                         cstackBANK0  00024
start                                     init         0000C
start_initialization                      cinit        0000D
wtemp0                                    (abs)        0007E


FUNCTION INFORMATION:

 *************** function _main *****************
 Defined at:
		line 159 in file "main.c"
 Parameters:    Size  Location     Type
		None
 Auto vars:     Size  Location     Type
  wrBlockData    32   22[BANK0 ] unsigned short [16]
 Return value:  Size  Location     Type
                  1    wreg      void 
 Registers used:
		wreg, fsr0l, fsr0h, fsr1l, fsr1h, status,2, status,0, pclath, cstack
 Tracked objects:
		On entry : 
		On exit  : 
		Unchanged: 
 Data sizes:     COMMON   BANK0   BANK1
      Params:         0       0       0
      Locals:         0      32       0
      Temps:          0       8       0
      Totals:         0      40       0
Total ram usage:       40 bytes
 Hardware stack levels required when called:    7
 This function calls:
		_ADC_GetConversion
		_FLASH_WriteBlock
		_PWM3_LoadDutyValue
		_SYSTEM_Initialize
		_TMR0_SetInterruptHandler
		_TMR2_StartTimer
		___aldiv
		___lmul
		_setLedsForPositioning
		_setState
 This function is called by:
		Startup code after reset
 This function uses a non-reentrant model


 *************** function _setState *****************
 Defined at:
		line 96 in file "main.c"
 Parameters:    Size  Location     Type
  newState        1    wreg     enum E2406
 Auto vars:     Size  Location     Type
  newState        1    4[BANK0 ] enum E2406
 Return value:  Size  Location     Type
                  1    wreg      void 
 Registers used:
		wreg, fsr0l, fsr0h, status,2, status,0, pclath, cstack
 Tracked objects:
		On entry : 
		On exit  : 
		Unchanged: 
 Data sizes:     COMMON   BANK0   BANK1
      Params:         0       0       0
      Locals:         0       1       0
      Temps:          0       4       0
      Totals:         0       5       0
Total ram usage:        5 bytes
 Hardware stack levels used:    1
 Hardware stack levels required when called:    5
 This function calls:
		_FLASH_ReadWord
		___lldiv
		___tmul
 This function is called by:
		_main
 This function uses a non-reentrant model


 *************** function ___tmul *****************
 Defined at:
		line 15 in file "C:\Program Files\Microchip\xc8\v2.20\pic\sources\c99\common\Umul24.c"
 Parameters:    Size  Location     Type
  multiplier      3    0[COMMON] unsigned um
  multiplicand    3    3[COMMON] unsigned um
 Auto vars:     Size  Location     Type
  product         3    6[COMMON] unsigned um
 Return value:  Size  Location     Type
                  3    0[COMMON] unsigned um
 Registers used:
		wreg, status,2, status,0
 Tracked objects:
		On entry : 
		On exit  : 
		Unchanged: 
 Data sizes:     COMMON   BANK0   BANK1
      Params:         6       0       0
      Locals:         3       0       0
      Temps:          0       0       0
      Totals:         9       0       0
Total ram usage:        9 bytes
 Hardware stack levels used:    1
 Hardware stack levels required when called:    4
 This function calls:
		Nothing
 This function is called by:
		_setState
 This function uses a non-reentrant model


 *************** function ___lldiv *****************
 Defined at:
		line 5 in file "C:\Program Files\Microchip\xc8\v2.20\pic\sources\c99\common\__lldiv.c"
 Parameters:    Size  Location     Type
  divisor         4    0[COMMON] unsigned long 
  dividend        4    4[COMMON] unsigned long 
 Auto vars:     Size  Location     Type
  quotient        4    9[COMMON] unsigned long 
  counter         1   13[COMMON] unsigned char 
 Return value:  Size  Location     Type
                  4    0[COMMON] unsigned long 
 Registers used:
		wreg, status,2, status,0
 Tracked objects:
		On entry : 
		On exit  : 
		Unchanged: 
 Data sizes:     COMMON   BANK0   BANK1
      Params:         8       0       0
      Locals:         5       0       0
      Temps:          1       0       0
      Totals:        14       0       0
Total ram usage:       14 bytes
 Hardware stack levels used:    1
 Hardware stack levels required when called:    4
 This function calls:
		Nothing
 This function is called by:
		_setState
 This function uses a non-reentrant model


 *************** function _FLASH_ReadWord *****************
 Defined at:
		line 58 in file "mcc_generated_files/memory.c"
 Parameters:    Size  Location     Type
  flashAddr       2    0[COMMON] unsigned short 
 Auto vars:     Size  Location     Type
  GIEBitValue     1    2[COMMON] unsigned char 
 Return value:  Size  Location     Type
                  2    0[COMMON] unsigned short 
 Registers used:
		wreg, status,2, status,0
 Tracked objects:
		On entry : 
		On exit  : 
		Unchanged: 
 Data sizes:     COMMON   BANK0   BANK1
      Params:         2       0       0
      Locals:         1       0       0
      Temps:          0       0       0
      Totals:         3       0       0
Total ram usage:        3 bytes
 Hardware stack levels used:    1
 Hardware stack levels required when called:    4
 This function calls:
		Nothing
 This function is called by:
		_setState
 This function uses a non-reentrant model


 *************** function _setLedsForPositioning *****************
 Defined at:
		line 307 in file "main.c"
 Parameters:    Size  Location     Type
  adcValue        4    0[COMMON] long 
 Auto vars:     Size  Location     Type
		None
 Return value:  Size  Location     Type
                  1    wreg      void 
 Registers used:
		wreg, status,2, status,0
 Tracked objects:
		On entry : 
		On exit  : 
		Unchanged: 
 Data sizes:     COMMON   BANK0   BANK1
      Params:         4       0       0
      Locals:         0       0       0
      Temps:          0       0       0
      Totals:         4       0       0
Total ram usage:        4 bytes
 Hardware stack levels used:    1
 Hardware stack levels required when called:    4
 This function calls:
		Nothing
 This function is called by:
		_main
 This function uses a non-reentrant model


 *************** function ___lmul *****************
 Defined at:
		line 15 in file "C:\Program Files\Microchip\xc8\v2.20\pic\sources\c99\common\Umul32.c"
 Parameters:    Size  Location     Type
  multiplier      4    0[COMMON] unsigned long 
  multiplicand    4    4[COMMON] unsigned long 
 Auto vars:     Size  Location     Type
  product         4    8[COMMON] unsigned long 
 Return value:  Size  Location     Type
                  4    0[COMMON] unsigned long 
 Registers used:
		wreg, status,2, status,0
 Tracked objects:
		On entry : 
		On exit  : 
		Unchanged: 
 Data sizes:     COMMON   BANK0   BANK1
      Params:         8       0       0
      Locals:         4       0       0
      Temps:          0       0       0
      Totals:        12       0       0
Total ram usage:       12 bytes
 Hardware stack levels used:    1
 Hardware stack levels required when called:    4
 This function calls:
		Nothing
 This function is called by:
		_main
 This function uses a non-reentrant model


 *************** function ___aldiv *****************
 Defined at:
		line 5 in file "C:\Program Files\Microchip\xc8\v2.20\pic\sources\c99\common\aldiv.c"
 Parameters:    Size  Location     Type
  divisor         4    0[BANK0 ] long 
  dividend        4    4[BANK0 ] long 
 Auto vars:     Size  Location     Type
  quotient        4   10[BANK0 ] long 
  sign            1    9[BANK0 ] unsigned char 
  counter         1    8[BANK0 ] unsigned char 
 Return value:  Size  Location     Type
                  4    0[BANK0 ] long 
 Registers used:
		wreg, status,2, status,0
 Tracked objects:
		On entry : 
		On exit  : 
		Unchanged: 
 Data sizes:     COMMON   BANK0   BANK1
      Params:         0       8       0
      Locals:         0       6       0
      Temps:          1       0       0
      Totals:         1      14       0
Total ram usage:       15 bytes
 Hardware stack levels used:    1
 Hardware stack levels required when called:    4
 This function calls:
		Nothing
 This function is called by:
		_main
 This function uses a non-reentrant model


 *************** function _TMR2_StartTimer *****************
 Defined at:
		line 79 in file "mcc_generated_files/tmr2.c"
 Parameters:    Size  Location     Type
		None
 Auto vars:     Size  Location     Type
		None
 Return value:  Size  Location     Type
                  1    wreg      void 
 Registers used:
		None
 Tracked objects:
		On entry : 
		On exit  : 
		Unchanged: 
 Data sizes:     COMMON   BANK0   BANK1
      Params:         0       0       0
      Locals:         0       0       0
      Temps:          0       0       0
      Totals:         0       0       0
Total ram usage:        0 bytes
 Hardware stack levels used:    1
 Hardware stack levels required when called:    4
 This function calls:
		Nothing
 This function is called by:
		_main
 This function uses a non-reentrant model


 *************** function _SYSTEM_Initialize *****************
 Defined at:
		line 50 in file "mcc_generated_files/mcc.c"
 Parameters:    Size  Location     Type
		None
 Auto vars:     Size  Location     Type
		None
 Return value:  Size  Location     Type
                  1    wreg      void 
 Registers used:
		wreg, status,2, status,0, pclath, cstack
 Tracked objects:
		On entry : 
		On exit  : 
		Unchanged: 
 Data sizes:     COMMON   BANK0   BANK1
      Params:         0       0       0
      Locals:         0       0       0
      Temps:          0       0       0
      Totals:         0       0       0
Total ram usage:        0 bytes
 Hardware stack levels used:    1
 Hardware stack levels required when called:    6
 This function calls:
		_ADC_Initialize
		_OSCILLATOR_Initialize
		_PIN_MANAGER_Initialize
		_PWM3_Initialize
		_TMR0_Initialize
		_TMR2_Initialize
		_WDT_Initialize
 This function is called by:
		_main
 This function uses a non-reentrant model


 *************** function _WDT_Initialize *****************
 Defined at:
		line 70 in file "mcc_generated_files/mcc.c"
 Parameters:    Size  Location     Type
		None
 Auto vars:     Size  Location     Type
		None
 Return value:  Size  Location     Type
                  1    wreg      void 
 Registers used:
		wreg
 Tracked objects:
		On entry : 
		On exit  : 
		Unchanged: 
 Data sizes:     COMMON   BANK0   BANK1
      Params:         0       0       0
      Locals:         0       0       0
      Temps:          0       0       0
      Totals:         0       0       0
Total ram usage:        0 bytes
 Hardware stack levels used:    1
 Hardware stack levels required when called:    4
 This function calls:
		Nothing
 This function is called by:
		_SYSTEM_Initialize
 This function uses a non-reentrant model


 *************** function _TMR2_Initialize *****************
 Defined at:
		line 62 in file "mcc_generated_files/tmr2.c"
 Parameters:    Size  Location     Type
		None
 Auto vars:     Size  Location     Type
		None
 Return value:  Size  Location     Type
                  1    wreg      void 
 Registers used:
		wreg, status,2
 Tracked objects:
		On entry : 
		On exit  : 
		Unchanged: 
 Data sizes:     COMMON   BANK0   BANK1
      Params:         0       0       0
      Locals:         0       0       0
      Temps:          0       0       0
      Totals:         0       0       0
Total ram usage:        0 bytes
 Hardware stack levels used:    1
 Hardware stack levels required when called:    4
 This function calls:
		Nothing
 This function is called by:
		_SYSTEM_Initialize
 This function uses a non-reentrant model


 *************** function _TMR0_Initialize *****************
 Defined at:
		line 64 in file "mcc_generated_files/tmr0.c"
 Parameters:    Size  Location     Type
		None
 Auto vars:     Size  Location     Type
		None
 Return value:  Size  Location     Type
                  1    wreg      void 
 Registers used:
		wreg, status,2, status,0, pclath, cstack
 Tracked objects:
		On entry : 
		On exit  : 
		Unchanged: 
 Data sizes:     COMMON   BANK0   BANK1
      Params:         0       0       0
      Locals:         0       0       0
      Temps:          1       0       0
      Totals:         1       0       0
Total ram usage:        1 bytes
 Hardware stack levels used:    1
 Hardware stack levels required when called:    5
 This function calls:
		_TMR0_SetInterruptHandler
 This function is called by:
		_SYSTEM_Initialize
 This function uses a non-reentrant model


 *************** function _TMR0_SetInterruptHandler *****************
 Defined at:
		line 117 in file "mcc_generated_files/tmr0.c"
 Parameters:    Size  Location     Type
  InterruptHan    2    0[COMMON] PTR FTN()void 
		 -> timer0CallBack(1), TMR0_DefaultInterruptHandler(1), 
 Auto vars:     Size  Location     Type
		None
 Return value:  Size  Location     Type
                  1    wreg      void 
 Registers used:
		wreg
 Tracked objects:
		On entry : 
		On exit  : 
		Unchanged: 
 Data sizes:     COMMON   BANK0   BANK1
      Params:         2       0       0
      Locals:         0       0       0
      Temps:          0       0       0
      Totals:         2       0       0
Total ram usage:        2 bytes
 Hardware stack levels used:    1
 Hardware stack levels required when called:    4
 This function calls:
		Nothing
 This function is called by:
		_TMR0_Initialize
		_main
 This function uses a non-reentrant model


 *************** function _PWM3_Initialize *****************
 Defined at:
		line 58 in file "mcc_generated_files/pwm3.c"
 Parameters:    Size  Location     Type
		None
 Auto vars:     Size  Location     Type
		None
 Return value:  Size  Location     Type
                  1    wreg      void 
 Registers used:
		wreg
 Tracked objects:
		On entry : 
		On exit  : 
		Unchanged: 
 Data sizes:     COMMON   BANK0   BANK1
      Params:         0       0       0
      Locals:         0       0       0
      Temps:          0       0       0
      Totals:         0       0       0
Total ram usage:        0 bytes
 Hardware stack levels used:    1
 Hardware stack levels required when called:    4
 This function calls:
		Nothing
 This function is called by:
		_SYSTEM_Initialize
 This function uses a non-reentrant model


 *************** function _PIN_MANAGER_Initialize *****************
 Defined at:
		line 55 in file "mcc_generated_files/pin_manager.c"
 Parameters:    Size  Location     Type
		None
 Auto vars:     Size  Location     Type
		None
 Return value:  Size  Location     Type
                  1    wreg      void 
 Registers used:
		wreg, status,2
 Tracked objects:
		On entry : 
		On exit  : 
		Unchanged: 
 Data sizes:     COMMON   BANK0   BANK1
      Params:         0       0       0
      Locals:         0       0       0
      Temps:          0       0       0
      Totals:         0       0       0
Total ram usage:        0 bytes
 Hardware stack levels used:    1
 Hardware stack levels required when called:    4
 This function calls:
		Nothing
 This function is called by:
		_SYSTEM_Initialize
 This function uses a non-reentrant model


 *************** function _OSCILLATOR_Initialize *****************
 Defined at:
		line 62 in file "mcc_generated_files/mcc.c"
 Parameters:    Size  Location     Type
		None
 Auto vars:     Size  Location     Type
		None
 Return value:  Size  Location     Type
                  1    wreg      void 
 Registers used:
		wreg, status,2
 Tracked objects:
		On entry : 
		On exit  : 
		Unchanged: 
 Data sizes:     COMMON   BANK0   BANK1
      Params:         0       0       0
      Locals:         0       0       0
      Temps:          0       0       0
      Totals:         0       0       0
Total ram usage:        0 bytes
 Hardware stack levels used:    1
 Hardware stack levels required when called:    4
 This function calls:
		Nothing
 This function is called by:
		_SYSTEM_Initialize
 This function uses a non-reentrant model


 *************** function _ADC_Initialize *****************
 Defined at:
		line 67 in file "mcc_generated_files/adc.c"
 Parameters:    Size  Location     Type
		None
 Auto vars:     Size  Location     Type
		None
 Return value:  Size  Location     Type
                  1    wreg      void 
 Registers used:
		wreg, status,2
 Tracked objects:
		On entry : 
		On exit  : 
		Unchanged: 
 Data sizes:     COMMON   BANK0   BANK1
      Params:         0       0       0
      Locals:         0       0       0
      Temps:          0       0       0
      Totals:         0       0       0
Total ram usage:        0 bytes
 Hardware stack levels used:    1
 Hardware stack levels required when called:    4
 This function calls:
		Nothing
 This function is called by:
		_SYSTEM_Initialize
 This function uses a non-reentrant model


 *************** function _PWM3_LoadDutyValue *****************
 Defined at:
		line 72 in file "mcc_generated_files/pwm3.c"
 Parameters:    Size  Location     Type
  dutyValue       2    4[COMMON] unsigned short 
 Auto vars:     Size  Location     Type
		None
 Return value:  Size  Location     Type
                  1    wreg      void 
 Registers used:
		wreg, status,2, status,0
 Tracked objects:
		On entry : 
		On exit  : 
		Unchanged: 
 Data sizes:     COMMON   BANK0   BANK1
      Params:         2       0       0
      Locals:         0       0       0
      Temps:          2       0       0
      Totals:         4       0       0
Total ram usage:        4 bytes
 Hardware stack levels used:    1
 Hardware stack levels required when called:    4
 This function calls:
		Nothing
 This function is called by:
		_main
 This function uses a non-reentrant model


 *************** function _FLASH_WriteBlock *****************
 Defined at:
		line 94 in file "mcc_generated_files/memory.c"
 Parameters:    Size  Location     Type
  writeAddr       2    3[COMMON] unsigned short 
  flashWordArr    1    5[COMMON] PTR unsigned short 
		 -> main@wrBlockData(32), 
 Auto vars:     Size  Location     Type
  blockStartAd    2    9[COMMON] unsigned short 
  i               1   12[COMMON] unsigned char 
  GIEBitValue     1   11[COMMON] unsigned char 
 Return value:  Size  Location     Type
                  1    wreg      char 
 Registers used:
		wreg, fsr1l, fsr1h, status,2, status,0, pclath, cstack
 Tracked objects:
		On entry : 
		On exit  : 
		Unchanged: 
 Data sizes:     COMMON   BANK0   BANK1
      Params:         3       0       0
      Locals:         4       0       0
      Temps:          3       0       0
      Totals:        10       0       0
Total ram usage:       10 bytes
 Hardware stack levels used:    1
 Hardware stack levels required when called:    5
 This function calls:
		_FLASH_EraseBlock
 This function is called by:
		_main
 This function uses a non-reentrant model


 *************** function _FLASH_EraseBlock *****************
 Defined at:
		line 148 in file "mcc_generated_files/memory.c"
 Parameters:    Size  Location     Type
  startAddr       2    0[COMMON] unsigned short 
 Auto vars:     Size  Location     Type
  GIEBitValue     1    2[COMMON] unsigned char 
 Return value:  Size  Location     Type
                  1    wreg      void 
 Registers used:
		wreg, status,2, status,0
 Tracked objects:
		On entry : 
		On exit  : 
		Unchanged: 
 Data sizes:     COMMON   BANK0   BANK1
      Params:         2       0       0
      Locals:         1       0       0
      Temps:          0       0       0
      Totals:         3       0       0
Total ram usage:        3 bytes
 Hardware stack levels used:    1
 Hardware stack levels required when called:    4
 This function calls:
		Nothing
 This function is called by:
		_FLASH_WriteBlock
 This function uses a non-reentrant model


 *************** function _ADC_GetConversion *****************
 Defined at:
		line 96 in file "mcc_generated_files/adc.c"
 Parameters:    Size  Location     Type
  channel         1    wreg     enum E2336
 Auto vars:     Size  Location     Type
  channel         1    3[COMMON] enum E2336
 Return value:  Size  Location     Type
                  2    0[COMMON] unsigned short 
 Registers used:
		wreg, status,2, status,0
 Tracked objects:
		On entry : 
		On exit  : 
		Unchanged: 
 Data sizes:     COMMON   BANK0   BANK1
      Params:         2       0       0
      Locals:         1       0       0
      Temps:          1       0       0
      Totals:         4       0       0
Total ram usage:        4 bytes
 Hardware stack levels used:    1
 Hardware stack levels required when called:    4
 This function calls:
		Nothing
 This function is called by:
		_main
 This function uses a non-reentrant model


 *************** function _INTERRUPT_InterruptManager *****************
 Defined at:
		line 52 in file "mcc_generated_files/interrupt_manager.c"
 Parameters:    Size  Location     Type
		None
 Auto vars:     Size  Location     Type
		None
 Return value:  Size  Location     Type
                  1    wreg      void 
 Registers used:
		wreg, status,2, status,0, pclath, cstack
 Tracked objects:
		On entry : 
		On exit  : 
		Unchanged: 
 Data sizes:     COMMON   BANK0   BANK1
      Params:         0       0       0
      Locals:         0       0       0
      Temps:          0       0       0
      Totals:         0       0       0
Total ram usage:        0 bytes
 Hardware stack levels used:    1
 Hardware stack levels required when called:    3
 This function calls:
		_TMR0_ISR
 This function is called by:
		Interrupt level 1
 This function uses a non-reentrant model


 *************** function _TMR0_ISR *****************
 Defined at:
		line 92 in file "mcc_generated_files/tmr0.c"
 Parameters:    Size  Location     Type
		None
 Auto vars:     Size  Location     Type
		None
 Return value:  Size  Location     Type
                  1    wreg      void 
 Registers used:
		wreg, status,2, status,0, pclath, cstack
 Tracked objects:
		On entry : 
		On exit  : 
		Unchanged: 
 Data sizes:     COMMON   BANK0   BANK1
      Params:         0       0       0
      Locals:         0       0       0
      Temps:          0       0       0
      Totals:         0       0       0
Total ram usage:        0 bytes
 Hardware stack levels used:    1
 Hardware stack levels required when called:    2
 This function calls:
		_TMR0_CallBack
 This function is called by:
		_INTERRUPT_InterruptManager
 This function uses a non-reentrant model


 *************** function _TMR0_CallBack *****************
 Defined at:
		line 107 in file "mcc_generated_files/tmr0.c"
 Parameters:    Size  Location     Type
		None
 Auto vars:     Size  Location     Type
		None
 Return value:  Size  Location     Type
                  1    wreg      void 
 Registers used:
		wreg, status,2, status,0, pclath, cstack
 Tracked objects:
		On entry : 
		On exit  : 
		Unchanged: 
 Data sizes:     COMMON   BANK0   BANK1
      Params:         0       0       0
      Locals:         0       0       0
      Temps:          0       0       0
      Totals:         0       0       0
Total ram usage:        0 bytes
 Hardware stack levels used:    1
 Hardware stack levels required when called:    1
 This function calls:
		Absolute function
		_TMR0_DefaultInterruptHandler
		_timer0CallBack
 This function is called by:
		_TMR0_ISR
 This function uses a non-reentrant model


 *************** function _TMR0_DefaultInterruptHandler *****************
 Defined at:
		line 121 in file "mcc_generated_files/tmr0.c"
 Parameters:    Size  Location     Type
		None
 Auto vars:     Size  Location     Type
		None
 Return value:  Size  Location     Type
                  1    wreg      void 
 Registers used:
		None
 Tracked objects:
		On entry : 
		On exit  : 
		Unchanged: 
 Data sizes:     COMMON   BANK0   BANK1
      Params:         0       0       0
      Locals:         0       0       0
      Temps:          0       0       0
      Totals:         0       0       0
Total ram usage:        0 bytes
 Hardware stack levels used:    1
 This function calls:
		Nothing
 This function is called by:
		_TMR0_Initialize
		_TMR0_CallBack
 This function uses a non-reentrant model


 *************** function _timer0CallBack *****************
 Defined at:
		line 81 in file "main.c"
 Parameters:    Size  Location     Type
		None
 Auto vars:     Size  Location     Type
		None
 Return value:  Size  Location     Type
                  1    wreg      void 
 Registers used:
		wreg, status,2
 Tracked objects:
		On entry : 
		On exit  : 
		Unchanged: 
 Data sizes:     COMMON   BANK0   BANK1
      Params:         0       0       0
      Locals:         0       0       0
      Temps:          0       0       0
      Totals:         0       0       0
Total ram usage:        0 bytes
 Hardware stack levels used:    1
 This function calls:
		Nothing
 This function is called by:
		_main
		_TMR0_CallBack
 This function uses a non-reentrant model



MODULE INFORMATION

Module		Function		Class		Link	Load	Size
mcc_generated_files/tmr2.c
		_TMR2_Initialize		CODE           	05D4	0000	9
		_TMR2_StartTimer		CODE           	0613	0000	4

mcc_generated_files/tmr2.c estimated size: 13

mcc_generated_files/interrupt_manager.c
		_INTERRUPT_InterruptManager		CODE           	0004	0000	9

mcc_generated_files/interrupt_manager.c estimated size: 9

mcc_generated_files/tmr0.c
		_TMR0_SetInterruptHandler		CODE           	05FF	0000	7
		_TMR0_DefaultInterruptHandler		CODE           	0616	0000	2
		_TMR0_CallBack 		CODE           	05B8	0000	12
		_TMR0_ISR      		CODE           	05EC	0000	8
		_TMR0_Initialize		CODE           	0592	0000	22

mcc_generated_files/tmr0.c estimated size: 51

mcc_generated_files/pin_manager.c
		_PIN_MANAGER_Initialize		CODE           	054C	0000	25

mcc_generated_files/pin_manager.c estimated size: 25

mcc_generated_files/adc.c
		_ADC_Initialize		CODE           	05E4	0000	9
		_ADC_GetConversion		CODE           	0564	0000	25

mcc_generated_files/adc.c estimated size: 34

C:\Program Files\Microchip\xc8\v2.20\pic\sources\c99\common\Umul32.c
		___lmul        		CODE           	04C2	0000	48

C:\Program Files\Microchip\xc8\v2.20\pic\sources\c99\common\Umul32.c estimated size: 48

shared
		__initialization		CODE           	000D	0000	21
		_fixedPointFactor		STRCODE        	0000	0000	0

shared estimated size: 21

mcc_generated_files/mcc.c
		_WDT_Initialize		CODE           	060F	0000	5
		_OSCILLATOR_Initialize		CODE           	0605	0000	7
		_SYSTEM_Initialize		CODE           	05CC	0000	9

mcc_generated_files/mcc.c estimated size: 21

mcc_generated_files/pwm3.c
		_PWM3_Initialize		CODE           	05DC	0000	9
		_PWM3_LoadDutyValue		CODE           	057C	0000	23

mcc_generated_files/pwm3.c estimated size: 32

mcc_generated_files/memory.c
		_FLASH_EraseBlock		CODE           	0517	0000	29
		_FLASH_ReadWord		CODE           	0533	0000	26
		_FLASH_WriteBlock		CODE           	041C	0000	85

mcc_generated_files/memory.c estimated size: 140

C:\Program Files\Microchip\xc8\v2.20\pic\sources\c99\common\__lldiv.c
		___lldiv       		CODE           	0470	0000	83

C:\Program Files\Microchip\xc8\v2.20\pic\sources\c99\common\__lldiv.c estimated size: 83

main.c
		_setLedsForPositioning		CODE           	0194	0000	313
		_main          		CODE           	0024	0000	369
		_timer0CallBack		CODE           	05A7	0000	18
		_setState      		CODE           	02CC	0000	208

main.c estimated size: 908

C:\Program Files\Microchip\xc8\v2.20\pic\sources\c99\common\aldiv.c
		___aldiv       		CODE           	039B	0000	130

C:\Program Files\Microchip\xc8\v2.20\pic\sources\c99\common\aldiv.c estimated size: 130

C:\Program Files\Microchip\xc8\v2.20\pic\sources\c99\common\Umul24.c
		___tmul        		CODE           	04F1	0000	39

C:\Program Files\Microchip\xc8\v2.20\pic\sources\c99\common\Umul24.c estimated size: 39

